// Jest Snapshot v1, https://goo.gl/fbAQLP

exports[`setValue should not register deeply nested inputs 1`] = `Object {}`;

exports[`setValue should not register deeply nested inputs 2`] = `
Object {
  "test": Array [
    Object {
      "name": "append",
      "nestedArray": Array [
        Object {
          "field1": "append",
          "field2": "append",
        },
      ],
    },
  ],
}
`;

exports[`setValue should update nested object which contain date object without register 1`] = `
Array [
  Object {
    "date": 2021-06-15T00:00:00.000Z,
    "userId": "abc",
  },
  Object {
    "date": 2021-12-17T00:00:00.000Z,
    "userId": "1234",
  },
]
`;
