// Jest Snapshot v1, https://goo.gl/fbAQLP

exports[`combineFieldValues should combine all the array fields 1`] = `
Object {
  "email": Array [
    "asdasd@dsad.com",
    "asdasd@.com",
  ],
  "firstName": Array [
    "asdasd",
    "asdasd",
  ],
  "lastName": Array [
    "asdasd",
    "asd",
  ],
  "test": "test",
}
`;

exports[`combineFieldValues should combine array object correctly 1`] = `
Object {
  "name": Array [
    Object {
      "firstName": "testFirst",
      "lastName": "testLast",
    },
  ],
  "test": Array [
    Object {
      "task": "testLast",
      "what": "testLast",
    },
    Object {
      "what": Array [
        undefined,
        Object {
          "test": "testLast",
        },
      ],
    },
  ],
}
`;

exports[`combineFieldValues should combine object correctly 1`] = `
Object {
  "name": Object {
    "firstName": "testFirst",
    "lastName": Object {
      "bill": Object {
        "luo": "testLast",
      },
    },
  },
}
`;
