// Jest Snapshot v1, https://goo.gl/fbAQLP

exports[`getPath should generate the correct path 1`] = `
Array [
  "test.0",
  "test.1.0",
  "test.1.1",
  "test.2.data",
  "test.2.kidding.test",
  "test.2.what.0.bill.haha",
  "test.2.what.1.0",
  "test.2.what.1.1",
  "test.2.one",
  "test.2.empty",
  "test.2.absent",
  "test.2.isAwesome",
  "test.2.answer",
]
`;

exports[`getPath should generate the correct path 2`] = `
Array [
  "test.test",
  "test.test1.0",
  "test.test1.1",
  "test.test2.data",
  "test.test2.kidding.test",
  "test.test2.what.0.bill.haha",
  "test.test2.what.1.0",
  "test.test2.what.1.1",
  "test.test2.one",
  "test.test2.empty",
  "test.test2.absent",
  "test.test2.isAwesome",
  "test.test2.answer",
]
`;
