// Jest Snapshot v1, https://goo.gl/fbAQLP

exports[`FormContext should render correctly 1`] = `
<div>
  child
</div>
`;
